<?xml version="1.0"?>
<link_info>
   <banner>MSP430 Linker PC v4.4.6</banner>
   <copyright>Copyright (c) 2003-2015 Texas Instruments Incorporated</copyright>
   <link_time>0x56b0b2b3</link_time>
   <link_errors>0x0</link_errors>
   <output_file>PIRMotion.out</output_file>
   <entry_point>
      <name>_c_int00_noargs_noexit</name>
      <address>0x448c</address>
   </entry_point>
   <input_file_list>
      <input_file id="fl-2">
         <path>.\</path>
         <kind>object</kind>
         <file>main.obj</file>
         <name>main.obj</name>
      </input_file>
      <input_file id="fl-3">
         <path>.\driverlib\MSP430FR5xx_6xx\</path>
         <kind>object</kind>
         <file>adc12_b.obj</file>
         <name>adc12_b.obj</name>
      </input_file>
      <input_file id="fl-4">
         <path>.\driverlib\MSP430FR5xx_6xx\</path>
         <kind>object</kind>
         <file>aes256.obj</file>
         <name>aes256.obj</name>
      </input_file>
      <input_file id="fl-5">
         <path>.\driverlib\MSP430FR5xx_6xx\</path>
         <kind>object</kind>
         <file>comp_e.obj</file>
         <name>comp_e.obj</name>
      </input_file>
      <input_file id="fl-6">
         <path>.\driverlib\MSP430FR5xx_6xx\</path>
         <kind>object</kind>
         <file>crc.obj</file>
         <name>crc.obj</name>
      </input_file>
      <input_file id="fl-7">
         <path>.\driverlib\MSP430FR5xx_6xx\</path>
         <kind>object</kind>
         <file>crc32.obj</file>
         <name>crc32.obj</name>
      </input_file>
      <input_file id="fl-8">
         <path>.\driverlib\MSP430FR5xx_6xx\</path>
         <kind>object</kind>
         <file>cs.obj</file>
         <name>cs.obj</name>
      </input_file>
      <input_file id="fl-9">
         <path>.\driverlib\MSP430FR5xx_6xx\</path>
         <kind>object</kind>
         <file>dma.obj</file>
         <name>dma.obj</name>
      </input_file>
      <input_file id="fl-a">
         <path>.\driverlib\MSP430FR5xx_6xx\</path>
         <kind>object</kind>
         <file>esi.obj</file>
         <name>esi.obj</name>
      </input_file>
      <input_file id="fl-b">
         <path>.\driverlib\MSP430FR5xx_6xx\</path>
         <kind>object</kind>
         <file>eusci_a_spi.obj</file>
         <name>eusci_a_spi.obj</name>
      </input_file>
      <input_file id="fl-c">
         <path>.\driverlib\MSP430FR5xx_6xx\</path>
         <kind>object</kind>
         <file>eusci_a_uart.obj</file>
         <name>eusci_a_uart.obj</name>
      </input_file>
      <input_file id="fl-d">
         <path>.\driverlib\MSP430FR5xx_6xx\</path>
         <kind>object</kind>
         <file>eusci_b_i2c.obj</file>
         <name>eusci_b_i2c.obj</name>
      </input_file>
      <input_file id="fl-e">
         <path>.\driverlib\MSP430FR5xx_6xx\</path>
         <kind>object</kind>
         <file>eusci_b_spi.obj</file>
         <name>eusci_b_spi.obj</name>
      </input_file>
      <input_file id="fl-f">
         <path>.\driverlib\MSP430FR5xx_6xx\</path>
         <kind>object</kind>
         <file>framctl.obj</file>
         <name>framctl.obj</name>
      </input_file>
      <input_file id="fl-10">
         <path>.\driverlib\MSP430FR5xx_6xx\</path>
         <kind>object</kind>
         <file>gpio.obj</file>
         <name>gpio.obj</name>
      </input_file>
      <input_file id="fl-11">
         <path>.\driverlib\MSP430FR5xx_6xx\</path>
         <kind>object</kind>
         <file>lcd_c.obj</file>
         <name>lcd_c.obj</name>
      </input_file>
      <input_file id="fl-12">
         <path>.\driverlib\MSP430FR5xx_6xx\</path>
         <kind>object</kind>
         <file>mpu.obj</file>
         <name>mpu.obj</name>
      </input_file>
      <input_file id="fl-13">
         <path>.\driverlib\MSP430FR5xx_6xx\</path>
         <kind>object</kind>
         <file>mpy32.obj</file>
         <name>mpy32.obj</name>
      </input_file>
      <input_file id="fl-14">
         <path>.\driverlib\MSP430FR5xx_6xx\</path>
         <kind>object</kind>
         <file>pmm.obj</file>
         <name>pmm.obj</name>
      </input_file>
      <input_file id="fl-15">
         <path>.\driverlib\MSP430FR5xx_6xx\</path>
         <kind>object</kind>
         <file>ram.obj</file>
         <name>ram.obj</name>
      </input_file>
      <input_file id="fl-16">
         <path>.\driverlib\MSP430FR5xx_6xx\</path>
         <kind>object</kind>
         <file>ref_a.obj</file>
         <name>ref_a.obj</name>
      </input_file>
      <input_file id="fl-17">
         <path>.\driverlib\MSP430FR5xx_6xx\</path>
         <kind>object</kind>
         <file>rtc_b.obj</file>
         <name>rtc_b.obj</name>
      </input_file>
      <input_file id="fl-18">
         <path>.\driverlib\MSP430FR5xx_6xx\</path>
         <kind>object</kind>
         <file>rtc_c.obj</file>
         <name>rtc_c.obj</name>
      </input_file>
      <input_file id="fl-19">
         <path>.\driverlib\MSP430FR5xx_6xx\</path>
         <kind>object</kind>
         <file>sfr.obj</file>
         <name>sfr.obj</name>
      </input_file>
      <input_file id="fl-1a">
         <path>.\driverlib\MSP430FR5xx_6xx\</path>
         <kind>object</kind>
         <file>sysctl.obj</file>
         <name>sysctl.obj</name>
      </input_file>
      <input_file id="fl-1b">
         <path>.\driverlib\MSP430FR5xx_6xx\</path>
         <kind>object</kind>
         <file>timer_a.obj</file>
         <name>timer_a.obj</name>
      </input_file>
      <input_file id="fl-1c">
         <path>.\driverlib\MSP430FR5xx_6xx\</path>
         <kind>object</kind>
         <file>timer_b.obj</file>
         <name>timer_b.obj</name>
      </input_file>
      <input_file id="fl-1d">
         <path>.\driverlib\MSP430FR5xx_6xx\</path>
         <kind>object</kind>
         <file>tlv.obj</file>
         <name>tlv.obj</name>
      </input_file>
      <input_file id="fl-1e">
         <path>.\driverlib\MSP430FR5xx_6xx\</path>
         <kind>object</kind>
         <file>wdt_a.obj</file>
         <name>wdt_a.obj</name>
      </input_file>
      <input_file id="fl-1f">
         <path>.\Source\</path>
         <kind>object</kind>
         <file>WDTInitialisation.obj</file>
         <name>WDTInitialisation.obj</name>
      </input_file>
      <input_file id="fl-20">
         <path>.\Source\</path>
         <kind>object</kind>
         <file>clockInitialisation.obj</file>
         <name>clockInitialisation.obj</name>
      </input_file>
      <input_file id="fl-21">
         <path>.\Source\</path>
         <kind>object</kind>
         <file>mainApp.obj</file>
         <name>mainApp.obj</name>
      </input_file>
      <input_file id="fl-22">
         <path>.\Source\</path>
         <kind>object</kind>
         <file>pinInitialisation.obj</file>
         <name>pinInitialisation.obj</name>
      </input_file>
      <input_file id="fl-23">
         <path>.\Source\</path>
         <kind>object</kind>
         <file>portInitialisation.obj</file>
         <name>portInitialisation.obj</name>
      </input_file>
      <input_file id="fl-58">
         <path>C:\ti\ccsv6\tools\compiler\ti-cgt-msp430_4.4.6\lib\</path>
         <kind>archive</kind>
         <file>rts430x_lc_rd_eabi.lib</file>
         <name>copy_decompress_none.obj</name>
      </input_file>
      <input_file id="fl-59">
         <path>C:\ti\ccsv6\tools\compiler\ti-cgt-msp430_4.4.6\lib\</path>
         <kind>archive</kind>
         <file>rts430x_lc_rd_eabi.lib</file>
         <name>copy_decompress_rle.obj</name>
      </input_file>
      <input_file id="fl-5a">
         <path>C:\ti\ccsv6\tools\compiler\ti-cgt-msp430_4.4.6\lib\</path>
         <kind>archive</kind>
         <file>rts430x_lc_rd_eabi.lib</file>
         <name>int30.obj</name>
      </input_file>
      <input_file id="fl-5b">
         <path>C:\ti\ccsv6\tools\compiler\ti-cgt-msp430_4.4.6\lib\</path>
         <kind>archive</kind>
         <file>rts430x_lc_rd_eabi.lib</file>
         <name>isr_trap.obj</name>
      </input_file>
      <input_file id="fl-5c">
         <path>C:\ti\ccsv6\tools\compiler\ti-cgt-msp430_4.4.6\lib\</path>
         <kind>archive</kind>
         <file>rts430x_lc_rd_eabi.lib</file>
         <name>int31.obj</name>
      </input_file>
      <input_file id="fl-5d">
         <path>C:\ti\ccsv6\tools\compiler\ti-cgt-msp430_4.4.6\lib\</path>
         <kind>archive</kind>
         <file>rts430x_lc_rd_eabi.lib</file>
         <name>int32.obj</name>
      </input_file>
      <input_file id="fl-5e">
         <path>C:\ti\ccsv6\tools\compiler\ti-cgt-msp430_4.4.6\lib\</path>
         <kind>archive</kind>
         <file>rts430x_lc_rd_eabi.lib</file>
         <name>int34.obj</name>
      </input_file>
      <input_file id="fl-5f">
         <path>C:\ti\ccsv6\tools\compiler\ti-cgt-msp430_4.4.6\lib\</path>
         <kind>archive</kind>
         <file>rts430x_lc_rd_eabi.lib</file>
         <name>int35.obj</name>
      </input_file>
      <input_file id="fl-60">
         <path>C:\ti\ccsv6\tools\compiler\ti-cgt-msp430_4.4.6\lib\</path>
         <kind>archive</kind>
         <file>rts430x_lc_rd_eabi.lib</file>
         <name>int36.obj</name>
      </input_file>
      <input_file id="fl-61">
         <path>C:\ti\ccsv6\tools\compiler\ti-cgt-msp430_4.4.6\lib\</path>
         <kind>archive</kind>
         <file>rts430x_lc_rd_eabi.lib</file>
         <name>int37.obj</name>
      </input_file>
      <input_file id="fl-62">
         <path>C:\ti\ccsv6\tools\compiler\ti-cgt-msp430_4.4.6\lib\</path>
         <kind>archive</kind>
         <file>rts430x_lc_rd_eabi.lib</file>
         <name>int38.obj</name>
      </input_file>
      <input_file id="fl-63">
         <path>C:\ti\ccsv6\tools\compiler\ti-cgt-msp430_4.4.6\lib\</path>
         <kind>archive</kind>
         <file>rts430x_lc_rd_eabi.lib</file>
         <name>int40.obj</name>
      </input_file>
      <input_file id="fl-64">
         <path>C:\ti\ccsv6\tools\compiler\ti-cgt-msp430_4.4.6\lib\</path>
         <kind>archive</kind>
         <file>rts430x_lc_rd_eabi.lib</file>
         <name>int41.obj</name>
      </input_file>
      <input_file id="fl-65">
         <path>C:\ti\ccsv6\tools\compiler\ti-cgt-msp430_4.4.6\lib\</path>
         <kind>archive</kind>
         <file>rts430x_lc_rd_eabi.lib</file>
         <name>int42.obj</name>
      </input_file>
      <input_file id="fl-66">
         <path>C:\ti\ccsv6\tools\compiler\ti-cgt-msp430_4.4.6\lib\</path>
         <kind>archive</kind>
         <file>rts430x_lc_rd_eabi.lib</file>
         <name>int43.obj</name>
      </input_file>
      <input_file id="fl-67">
         <path>C:\ti\ccsv6\tools\compiler\ti-cgt-msp430_4.4.6\lib\</path>
         <kind>archive</kind>
         <file>rts430x_lc_rd_eabi.lib</file>
         <name>int44.obj</name>
      </input_file>
      <input_file id="fl-68">
         <path>C:\ti\ccsv6\tools\compiler\ti-cgt-msp430_4.4.6\lib\</path>
         <kind>archive</kind>
         <file>rts430x_lc_rd_eabi.lib</file>
         <name>int45.obj</name>
      </input_file>
      <input_file id="fl-69">
         <path>C:\ti\ccsv6\tools\compiler\ti-cgt-msp430_4.4.6\lib\</path>
         <kind>archive</kind>
         <file>rts430x_lc_rd_eabi.lib</file>
         <name>int46.obj</name>
      </input_file>
      <input_file id="fl-6a">
         <path>C:\ti\ccsv6\tools\compiler\ti-cgt-msp430_4.4.6\lib\</path>
         <kind>archive</kind>
         <file>rts430x_lc_rd_eabi.lib</file>
         <name>int47.obj</name>
      </input_file>
      <input_file id="fl-6b">
         <path>C:\ti\ccsv6\tools\compiler\ti-cgt-msp430_4.4.6\lib\</path>
         <kind>archive</kind>
         <file>rts430x_lc_rd_eabi.lib</file>
         <name>int48.obj</name>
      </input_file>
      <input_file id="fl-6c">
         <path>C:\ti\ccsv6\tools\compiler\ti-cgt-msp430_4.4.6\lib\</path>
         <kind>archive</kind>
         <file>rts430x_lc_rd_eabi.lib</file>
         <name>int50.obj</name>
      </input_file>
      <input_file id="fl-6d">
         <path>C:\ti\ccsv6\tools\compiler\ti-cgt-msp430_4.4.6\lib\</path>
         <kind>archive</kind>
         <file>rts430x_lc_rd_eabi.lib</file>
         <name>int51.obj</name>
      </input_file>
      <input_file id="fl-6e">
         <path>C:\ti\ccsv6\tools\compiler\ti-cgt-msp430_4.4.6\lib\</path>
         <kind>archive</kind>
         <file>rts430x_lc_rd_eabi.lib</file>
         <name>int52.obj</name>
      </input_file>
      <input_file id="fl-6f">
         <path>C:\ti\ccsv6\tools\compiler\ti-cgt-msp430_4.4.6\lib\</path>
         <kind>archive</kind>
         <file>rts430x_lc_rd_eabi.lib</file>
         <name>int53.obj</name>
      </input_file>
      <input_file id="fl-70">
         <path>C:\ti\ccsv6\tools\compiler\ti-cgt-msp430_4.4.6\lib\</path>
         <kind>archive</kind>
         <file>rts430x_lc_rd_eabi.lib</file>
         <name>int54.obj</name>
      </input_file>
      <input_file id="fl-71">
         <path>C:\ti\ccsv6\tools\compiler\ti-cgt-msp430_4.4.6\lib\</path>
         <kind>archive</kind>
         <file>rts430x_lc_rd_eabi.lib</file>
         <name>copy_zero_init.obj</name>
      </input_file>
      <input_file id="fl-72">
         <path>C:\ti\ccsv6\tools\compiler\ti-cgt-msp430_4.4.6\lib\</path>
         <kind>archive</kind>
         <file>rts430x_lc_rd_eabi.lib</file>
         <name>div16s.obj</name>
      </input_file>
      <input_file id="fl-73">
         <path>C:\ti\ccsv6\tools\compiler\ti-cgt-msp430_4.4.6\lib\</path>
         <kind>archive</kind>
         <file>rts430x_lc_rd_eabi.lib</file>
         <name>div32s.obj</name>
      </input_file>
      <input_file id="fl-74">
         <path>C:\ti\ccsv6\tools\compiler\ti-cgt-msp430_4.4.6\lib\</path>
         <kind>archive</kind>
         <file>rts430x_lc_rd_eabi.lib</file>
         <name>div16u.obj</name>
      </input_file>
      <input_file id="fl-75">
         <path>C:\ti\ccsv6\tools\compiler\ti-cgt-msp430_4.4.6\lib\</path>
         <kind>archive</kind>
         <file>rts430x_lc_rd_eabi.lib</file>
         <name>div32u.obj</name>
      </input_file>
      <input_file id="fl-76">
         <path>C:\ti\ccsv6\tools\compiler\ti-cgt-msp430_4.4.6\lib\</path>
         <kind>archive</kind>
         <file>rts430x_lc_rd_eabi.lib</file>
         <name>mult16_f5hw.obj</name>
      </input_file>
      <input_file id="fl-77">
         <path>C:\ti\ccsv6\tools\compiler\ti-cgt-msp430_4.4.6\lib\</path>
         <kind>archive</kind>
         <file>rts430x_lc_rd_eabi.lib</file>
         <name>mult32_f5hw.obj</name>
      </input_file>
      <input_file id="fl-78">
         <path>C:\ti\ccsv6\tools\compiler\ti-cgt-msp430_4.4.6\lib\</path>
         <kind>archive</kind>
         <file>rts430x_lc_rd_eabi.lib</file>
         <name>mult64_f5hw.obj</name>
      </input_file>
      <input_file id="fl-79">
         <path>C:\ti\ccsv6\tools\compiler\ti-cgt-msp430_4.4.6\lib\</path>
         <kind>archive</kind>
         <file>rts430x_lc_rd_eabi.lib</file>
         <name>mult1632_f5hw.obj</name>
      </input_file>
      <input_file id="fl-7a">
         <path>C:\ti\ccsv6\tools\compiler\ti-cgt-msp430_4.4.6\lib\</path>
         <kind>archive</kind>
         <file>rts430x_lc_rd_eabi.lib</file>
         <name>mult3264_f5hw.obj</name>
      </input_file>
      <input_file id="fl-7b">
         <path>C:\ti\ccsv6\tools\compiler\ti-cgt-msp430_4.4.6\lib\</path>
         <kind>archive</kind>
         <file>rts430x_lc_rd_eabi.lib</file>
         <name>lsl16.obj</name>
      </input_file>
      <input_file id="fl-7c">
         <path>C:\ti\ccsv6\tools\compiler\ti-cgt-msp430_4.4.6\lib\</path>
         <kind>archive</kind>
         <file>rts430x_lc_rd_eabi.lib</file>
         <name>boot.obj</name>
      </input_file>
      <input_file id="fl-7d">
         <path>C:\ti\ccsv6\tools\compiler\ti-cgt-msp430_4.4.6\lib\</path>
         <kind>archive</kind>
         <file>rts430x_lc_rd_eabi.lib</file>
         <name>args_main.obj</name>
      </input_file>
      <input_file id="fl-7e">
         <path>C:\ti\ccsv6\tools\compiler\ti-cgt-msp430_4.4.6\lib\</path>
         <kind>archive</kind>
         <file>rts430x_lc_rd_eabi.lib</file>
         <name>autoinit_wdt.obj</name>
      </input_file>
      <input_file id="fl-7f">
         <path>C:\ti\ccsv6\tools\compiler\ti-cgt-msp430_4.4.6\lib\</path>
         <kind>archive</kind>
         <file>rts430x_lc_rd_eabi.lib</file>
         <name>boot_special.obj</name>
      </input_file>
      <input_file id="fl-80">
         <path>C:\ti\ccsv6\tools\compiler\ti-cgt-msp430_4.4.6\lib\</path>
         <kind>archive</kind>
         <file>rts430x_lc_rd_eabi.lib</file>
         <name>mpu_init.obj</name>
      </input_file>
      <input_file id="fl-81">
         <path>C:\ti\ccsv6\tools\compiler\ti-cgt-msp430_4.4.6\lib\</path>
         <kind>archive</kind>
         <file>rts430x_lc_rd_eabi.lib</file>
         <name>pre_init.obj</name>
      </input_file>
      <input_file id="fl-82">
         <path>C:\ti\ccsv6\tools\compiler\ti-cgt-msp430_4.4.6\lib\</path>
         <kind>archive</kind>
         <file>rts430x_lc_rd_eabi.lib</file>
         <name>exit.obj</name>
      </input_file>
      <input_file id="fl-83">
         <path>C:\ti\ccsv6\tools\compiler\ti-cgt-msp430_4.4.6\lib\</path>
         <kind>archive</kind>
         <file>rts430x_lc_rd_eabi.lib</file>
         <name>exit_gvars.obj</name>
      </input_file>
      <input_file id="fl-84">
         <path>C:\ti\ccsv6\tools\compiler\ti-cgt-msp430_4.4.6\lib\</path>
         <kind>archive</kind>
         <file>rts430x_lc_rd_eabi.lib</file>
         <name>_lock.obj</name>
      </input_file>
      <input_file id="fl-85">
         <path>C:\ti\ccsv6\tools\compiler\ti-cgt-msp430_4.4.6\lib\</path>
         <kind>archive</kind>
         <file>rts430x_lc_rd_eabi.lib</file>
         <name>memcpy.obj</name>
      </input_file>
   </input_file_list>
   <object_component_list>
      <object_component id="oc-317">
         <name>__TI_handler_table</name>
         <load_address>0x44d4</load_address>
         <run_address>0x44d4</run_address>
         <size>0xc</size>
      </object_component>
      <object_component id="oc-31a">
         <name>.cinit..data.load</name>
         <load_address>0x44e0</load_address>
         <run_address>0x44e0</run_address>
         <size>0x9</size>
      </object_component>
      <object_component id="oc-319">
         <name>.cinit..bss.load</name>
         <load_address>0x44ea</load_address>
         <run_address>0x44ea</run_address>
         <size>0x6</size>
      </object_component>
      <object_component id="oc-318">
         <name>__TI_cinit_table</name>
         <load_address>0x44f0</load_address>
         <run_address>0x44f0</run_address>
         <size>0x10</size>
      </object_component>
      <object_component id="oc-1bc">
         <name>.const:GPIO_PORT_TO_BASE</name>
         <load_address>0x44b8</load_address>
         <run_address>0x44b8</run_address>
         <size>0x1c</size>
         <input_file_ref idref="fl-10"/>
      </object_component>
      <object_component id="oc-fe">
         <name>.text:_isr:Port3_ISR</name>
         <load_address>0x4400</load_address>
         <run_address>0x4400</run_address>
         <size>0x50</size>
         <input_file_ref idref="fl-22"/>
      </object_component>
      <object_component id="oc-10a">
         <name>.text:_isr:watchDogIsr</name>
         <load_address>0x4450</load_address>
         <run_address>0x4450</run_address>
         <size>0x3c</size>
         <input_file_ref idref="fl-1f"/>
      </object_component>
      <object_component id="oc-b7">
         <name>.text:_isr:_c_int00_noargs_noexit</name>
         <load_address>0x448c</load_address>
         <run_address>0x448c</run_address>
         <size>0x1a</size>
         <input_file_ref idref="fl-7f"/>
      </object_component>
      <object_component id="oc-104">
         <name>.text:_isr:Port1_ISR</name>
         <load_address>0x44a6</load_address>
         <run_address>0x44a6</run_address>
         <size>0xc</size>
         <input_file_ref idref="fl-22"/>
      </object_component>
      <object_component id="oc-f9">
         <name>.text:_isr:__TI_ISR_TRAP</name>
         <load_address>0x44b2</load_address>
         <run_address>0x44b2</run_address>
         <size>0x6</size>
         <input_file_ref idref="fl-5b"/>
      </object_component>
      <object_component id="oc-29d">
         <name>.text:privateCSASourceClockFromDCO</name>
         <load_address>0x10000</load_address>
         <run_address>0x10000</run_address>
         <size>0x17c</size>
         <input_file_ref idref="fl-8"/>
      </object_component>
      <object_component id="oc-283">
         <name>.text:privateCSAComputeCLKFrequency</name>
         <load_address>0x1017c</load_address>
         <run_address>0x1017c</run_address>
         <size>0xe8</size>
         <input_file_ref idref="fl-8"/>
      </object_component>
      <object_component id="oc-1fe">
         <name>.text:clockConfiguration</name>
         <load_address>0x10264</load_address>
         <run_address>0x10264</run_address>
         <size>0x76</size>
         <input_file_ref idref="fl-20"/>
      </object_component>
      <object_component id="oc-226">
         <name>.text:GPIO_setAsPeripheralModuleFunctionInputPin</name>
         <load_address>0x102da</load_address>
         <run_address>0x102da</run_address>
         <size>0x72</size>
         <input_file_ref idref="fl-10"/>
      </object_component>
      <object_component id="oc-11d">
         <name>.text:_auto_init_hold_wdt</name>
         <load_address>0x1034c</load_address>
         <run_address>0x1034c</run_address>
         <size>0x6c</size>
         <input_file_ref idref="fl-7e"/>
      </object_component>
      <object_component id="oc-ec">
         <name>.text:__TI_decompress_rle_core</name>
         <load_address>0x103b8</load_address>
         <run_address>0x103b8</run_address>
         <size>0x68</size>
         <input_file_ref idref="fl-59"/>
      </object_component>
      <object_component id="oc-245">
         <name>.text:CS_initClockSignal</name>
         <load_address>0x10420</load_address>
         <run_address>0x10420</run_address>
         <size>0x66</size>
         <input_file_ref idref="fl-8"/>
      </object_component>
      <object_component id="oc-293">
         <name>.text</name>
         <load_address>0x10486</load_address>
         <run_address>0x10486</run_address>
         <size>0x58</size>
         <input_file_ref idref="fl-75"/>
      </object_component>
      <object_component id="oc-1f8">
         <name>.text:pinConfiguration</name>
         <load_address>0x104de</load_address>
         <run_address>0x104de</run_address>
         <size>0x52</size>
         <input_file_ref idref="fl-22"/>
      </object_component>
      <object_component id="oc-219">
         <name>.text:GPIO_setAsInputPinWithPullDownResistor</name>
         <load_address>0x10530</load_address>
         <run_address>0x10530</run_address>
         <size>0x4a</size>
         <input_file_ref idref="fl-10"/>
      </object_component>
      <object_component id="oc-298">
         <name>.text</name>
         <load_address>0x1057a</load_address>
         <run_address>0x1057a</run_address>
         <size>0x40</size>
         <input_file_ref idref="fl-73"/>
      </object_component>
      <object_component id="oc-1f2">
         <name>.text:unusedPinsConfiguration</name>
         <load_address>0x105ba</load_address>
         <run_address>0x105ba</run_address>
         <size>0x3c</size>
         <input_file_ref idref="fl-23"/>
      </object_component>
      <object_component id="oc-239">
         <name>.text:CS_turnOnLFXT</name>
         <load_address>0x105f6</load_address>
         <run_address>0x105f6</run_address>
         <size>0x3a</size>
         <input_file_ref idref="fl-8"/>
      </object_component>
      <object_component id="oc-22c">
         <name>.text:GPIO_setAsOutputPin</name>
         <load_address>0x10630</load_address>
         <run_address>0x10630</run_address>
         <size>0x34</size>
         <input_file_ref idref="fl-10"/>
      </object_component>
      <object_component id="oc-164">
         <name>.text:GPIO_selectInterruptEdge</name>
         <load_address>0x10664</load_address>
         <run_address>0x10664</run_address>
         <size>0x2e</size>
         <input_file_ref idref="fl-10"/>
      </object_component>
      <object_component id="oc-2a3">
         <name>.text</name>
         <load_address>0x10692</load_address>
         <run_address>0x10692</run_address>
         <size>0x2c</size>
         <input_file_ref idref="fl-72"/>
      </object_component>
      <object_component id="oc-99">
         <name>.text:decompress:ZI:__TI_zero_init</name>
         <load_address>0x106be</load_address>
         <run_address>0x106be</run_address>
         <size>0x24</size>
         <input_file_ref idref="fl-71"/>
      </object_component>
      <object_component id="oc-1ec">
         <name>.text:WDT_A_hold</name>
         <load_address>0x106e2</load_address>
         <run_address>0x106e2</run_address>
         <size>0x20</size>
         <input_file_ref idref="fl-1e"/>
      </object_component>
      <object_component id="oc-25b">
         <name>.text:CS_getACLK</name>
         <load_address>0x10702</load_address>
         <run_address>0x10702</run_address>
         <size>0x1e</size>
         <input_file_ref idref="fl-8"/>
      </object_component>
      <object_component id="oc-184">
         <name>.text:GPIO_clearInterrupt</name>
         <load_address>0x10720</load_address>
         <run_address>0x10720</run_address>
         <size>0x1e</size>
         <input_file_ref idref="fl-10"/>
      </object_component>
      <object_component id="oc-170">
         <name>.text:GPIO_disableInterrupt</name>
         <load_address>0x1073e</load_address>
         <run_address>0x1073e</run_address>
         <size>0x1e</size>
         <input_file_ref idref="fl-10"/>
      </object_component>
      <object_component id="oc-18a">
         <name>.text:GPIO_enableInterrupt</name>
         <load_address>0x1075c</load_address>
         <run_address>0x1075c</run_address>
         <size>0x1e</size>
         <input_file_ref idref="fl-10"/>
      </object_component>
      <object_component id="oc-204">
         <name>.text:WDTConfiguration</name>
         <load_address>0x1077a</load_address>
         <run_address>0x1077a</run_address>
         <size>0x1e</size>
         <input_file_ref idref="fl-1f"/>
      </object_component>
      <object_component id="oc-16a">
         <name>.text:GPIO_setOutputHighOnPin</name>
         <load_address>0x10798</load_address>
         <run_address>0x10798</run_address>
         <size>0x1c</size>
         <input_file_ref idref="fl-10"/>
      </object_component>
      <object_component id="oc-190">
         <name>.text:GPIO_setOutputLowOnPin</name>
         <load_address>0x107b4</load_address>
         <run_address>0x107b4</run_address>
         <size>0x1c</size>
         <input_file_ref idref="fl-10"/>
      </object_component>
      <object_component id="oc-17e">
         <name>.text:WDT_A_resetTimer</name>
         <load_address>0x107d0</load_address>
         <run_address>0x107d0</run_address>
         <size>0x1c</size>
         <input_file_ref idref="fl-1e"/>
      </object_component>
      <object_component id="oc-176">
         <name>.text:WDT_A_start</name>
         <load_address>0x107ec</load_address>
         <run_address>0x107ec</run_address>
         <size>0x1c</size>
         <input_file_ref idref="fl-1e"/>
      </object_component>
      <object_component id="oc-254">
         <name>.text:CS_getSMCLK</name>
         <load_address>0x10808</load_address>
         <run_address>0x10808</run_address>
         <size>0x1a</size>
         <input_file_ref idref="fl-8"/>
      </object_component>
      <object_component id="oc-233">
         <name>.text:CS_setExternalClockSource</name>
         <load_address>0x10822</load_address>
         <run_address>0x10822</run_address>
         <size>0x1a</size>
         <input_file_ref idref="fl-8"/>
      </object_component>
      <object_component id="oc-1b2">
         <name>.text:boardInitialisation</name>
         <load_address>0x1083c</load_address>
         <run_address>0x1083c</run_address>
         <size>0x1a</size>
         <input_file_ref idref="fl-21"/>
      </object_component>
      <object_component id="oc-24b">
         <name>.text:CS_getMCLK</name>
         <load_address>0x10856</load_address>
         <run_address>0x10856</run_address>
         <size>0x16</size>
         <input_file_ref idref="fl-8"/>
      </object_component>
      <object_component id="oc-2ac">
         <name>.text</name>
         <load_address>0x1086c</load_address>
         <run_address>0x1086c</run_address>
         <size>0x16</size>
         <input_file_ref idref="fl-74"/>
      </object_component>
      <object_component id="oc-263">
         <name>.text:WDT_A_initIntervalTimer</name>
         <load_address>0x10882</load_address>
         <run_address>0x10882</run_address>
         <size>0x14</size>
         <input_file_ref idref="fl-1e"/>
      </object_component>
      <object_component id="oc-df">
         <name>.text:memcpy</name>
         <load_address>0x10896</load_address>
         <run_address>0x10896</run_address>
         <size>0x14</size>
         <input_file_ref idref="fl-85"/>
      </object_component>
      <object_component id="oc-23f">
         <name>.text:CS_setDCOFreq</name>
         <load_address>0x108aa</load_address>
         <run_address>0x108aa</run_address>
         <size>0x12</size>
         <input_file_ref idref="fl-8"/>
      </object_component>
      <object_component id="oc-74">
         <name>.text:decompress:none:__TI_decompress_none</name>
         <load_address>0x108bc</load_address>
         <run_address>0x108bc</run_address>
         <size>0x12</size>
         <input_file_ref idref="fl-58"/>
      </object_component>
      <object_component id="oc-137">
         <name>.text:main</name>
         <load_address>0x108ce</load_address>
         <run_address>0x108ce</run_address>
         <size>0xe</size>
         <input_file_ref idref="fl-2"/>
      </object_component>
      <object_component id="oc-21f">
         <name>.text:PMM_unlockLPM5</name>
         <load_address>0x108dc</load_address>
         <run_address>0x108dc</run_address>
         <size>0x6</size>
         <input_file_ref idref="fl-14"/>
      </object_component>
      <object_component id="oc-269">
         <name>.text:SFR_clearInterrupt</name>
         <load_address>0x108e2</load_address>
         <run_address>0x108e2</run_address>
         <size>0x6</size>
         <input_file_ref idref="fl-19"/>
      </object_component>
      <object_component id="oc-26f">
         <name>.text:SFR_enableInterrupt</name>
         <load_address>0x108e8</load_address>
         <run_address>0x108e8</run_address>
         <size>0x6</size>
         <input_file_ref idref="fl-19"/>
      </object_component>
      <object_component id="oc-7a">
         <name>.text:decompress:rle24:__TI_decompress_rle24</name>
         <load_address>0x108ee</load_address>
         <run_address>0x108ee</run_address>
         <size>0x6</size>
         <input_file_ref idref="fl-59"/>
      </object_component>
      <object_component id="oc-117">
         <name>.text:_system_pre_init</name>
         <load_address>0x108f4</load_address>
         <run_address>0x108f4</run_address>
         <size>0x4</size>
         <input_file_ref idref="fl-81"/>
      </object_component>
      <object_component id="oc-13f">
         <name>.text:abort</name>
         <load_address>0x108f8</load_address>
         <run_address>0x108f8</run_address>
         <size>0x4</size>
         <input_file_ref idref="fl-82"/>
      </object_component>
      <object_component id="oc-251">
         <name>.common:MCLK</name>
         <uninitialized>true</uninitialized>
         <run_address>0x1c04</run_address>
         <size>0x4</size>
      </object_component>
      <object_component id="oc-25a">
         <name>.common:SMCLK</name>
         <uninitialized>true</uninitialized>
         <run_address>0x1c08</run_address>
         <size>0x4</size>
      </object_component>
      <object_component id="oc-261">
         <name>.common:ACLK</name>
         <uninitialized>true</uninitialized>
         <run_address>0x1c00</run_address>
         <size>0x4</size>
      </object_component>
      <object_component id="oc-27c">
         <name>.data</name>
         <load_address>0x1c0c</load_address>
         <run_address>0x1c0c</run_address>
         <size>0x8</size>
         <input_file_ref idref="fl-8"/>
      </object_component>
      <object_component id="oc-db">
         <name>.stack</name>
         <uninitialized>true</uninitialized>
         <run_address>0x2360</run_address>
         <size>0x4</size>
         <input_file_ref idref="fl-7c"/>
      </object_component>
      <object_component id="oc-31b">
         <name>.stack</name>
         <uninitialized>true</uninitialized>
         <run_address>0x2360</run_address>
         <size>0x0</size>
      </object_component>
      <object_component id="oc-80">
         <name>.int30</name>
         <load_address>0xffcc</load_address>
         <run_address>0xffcc</run_address>
         <size>0x2</size>
         <input_file_ref idref="fl-5a"/>
      </object_component>
      <object_component id="oc-81">
         <name>.int31</name>
         <load_address>0xffce</load_address>
         <run_address>0xffce</run_address>
         <size>0x2</size>
         <input_file_ref idref="fl-5c"/>
      </object_component>
      <object_component id="oc-82">
         <name>.int32</name>
         <load_address>0xffd0</load_address>
         <run_address>0xffd0</run_address>
         <size>0x2</size>
         <input_file_ref idref="fl-5d"/>
      </object_component>
      <object_component id="oc-83">
         <name>.int33</name>
         <load_address>0xffd2</load_address>
         <run_address>0xffd2</run_address>
         <size>0x2</size>
         <input_file_ref idref="fl-22"/>
      </object_component>
      <object_component id="oc-84">
         <name>.int34</name>
         <load_address>0xffd4</load_address>
         <run_address>0xffd4</run_address>
         <size>0x2</size>
         <input_file_ref idref="fl-5e"/>
      </object_component>
      <object_component id="oc-85">
         <name>.int35</name>
         <load_address>0xffd6</load_address>
         <run_address>0xffd6</run_address>
         <size>0x2</size>
         <input_file_ref idref="fl-5f"/>
      </object_component>
      <object_component id="oc-86">
         <name>.int36</name>
         <load_address>0xffd8</load_address>
         <run_address>0xffd8</run_address>
         <size>0x2</size>
         <input_file_ref idref="fl-60"/>
      </object_component>
      <object_component id="oc-87">
         <name>.int37</name>
         <load_address>0xffda</load_address>
         <run_address>0xffda</run_address>
         <size>0x2</size>
         <input_file_ref idref="fl-61"/>
      </object_component>
      <object_component id="oc-88">
         <name>.int38</name>
         <load_address>0xffdc</load_address>
         <run_address>0xffdc</run_address>
         <size>0x2</size>
         <input_file_ref idref="fl-62"/>
      </object_component>
      <object_component id="oc-89">
         <name>.int39</name>
         <load_address>0xffde</load_address>
         <run_address>0xffde</run_address>
         <size>0x2</size>
         <input_file_ref idref="fl-22"/>
      </object_component>
      <object_component id="oc-8a">
         <name>.int40</name>
         <load_address>0xffe0</load_address>
         <run_address>0xffe0</run_address>
         <size>0x2</size>
         <input_file_ref idref="fl-63"/>
      </object_component>
      <object_component id="oc-8b">
         <name>.int41</name>
         <load_address>0xffe2</load_address>
         <run_address>0xffe2</run_address>
         <size>0x2</size>
         <input_file_ref idref="fl-64"/>
      </object_component>
      <object_component id="oc-8c">
         <name>.int42</name>
         <load_address>0xffe4</load_address>
         <run_address>0xffe4</run_address>
         <size>0x2</size>
         <input_file_ref idref="fl-65"/>
      </object_component>
      <object_component id="oc-8d">
         <name>.int43</name>
         <load_address>0xffe6</load_address>
         <run_address>0xffe6</run_address>
         <size>0x2</size>
         <input_file_ref idref="fl-66"/>
      </object_component>
      <object_component id="oc-8e">
         <name>.int44</name>
         <load_address>0xffe8</load_address>
         <run_address>0xffe8</run_address>
         <size>0x2</size>
         <input_file_ref idref="fl-67"/>
      </object_component>
      <object_component id="oc-8f">
         <name>.int45</name>
         <load_address>0xffea</load_address>
         <run_address>0xffea</run_address>
         <size>0x2</size>
         <input_file_ref idref="fl-68"/>
      </object_component>
      <object_component id="oc-90">
         <name>.int46</name>
         <load_address>0xffec</load_address>
         <run_address>0xffec</run_address>
         <size>0x2</size>
         <input_file_ref idref="fl-69"/>
      </object_component>
      <object_component id="oc-91">
         <name>.int47</name>
         <load_address>0xffee</load_address>
         <run_address>0xffee</run_address>
         <size>0x2</size>
         <input_file_ref idref="fl-6a"/>
      </object_component>
      <object_component id="oc-92">
         <name>.int48</name>
         <load_address>0xfff0</load_address>
         <run_address>0xfff0</run_address>
         <size>0x2</size>
         <input_file_ref idref="fl-6b"/>
      </object_component>
      <object_component id="oc-93">
         <name>.int49</name>
         <load_address>0xfff2</load_address>
         <run_address>0xfff2</run_address>
         <size>0x2</size>
         <input_file_ref idref="fl-1f"/>
      </object_component>
      <object_component id="oc-94">
         <name>.int50</name>
         <load_address>0xfff4</load_address>
         <run_address>0xfff4</run_address>
         <size>0x2</size>
         <input_file_ref idref="fl-6c"/>
      </object_component>
      <object_component id="oc-95">
         <name>.int51</name>
         <load_address>0xfff6</load_address>
         <run_address>0xfff6</run_address>
         <size>0x2</size>
         <input_file_ref idref="fl-6d"/>
      </object_component>
      <object_component id="oc-96">
         <name>.int52</name>
         <load_address>0xfff8</load_address>
         <run_address>0xfff8</run_address>
         <size>0x2</size>
         <input_file_ref idref="fl-6e"/>
      </object_component>
      <object_component id="oc-97">
         <name>.int53</name>
         <load_address>0xfffa</load_address>
         <run_address>0xfffa</run_address>
         <size>0x2</size>
         <input_file_ref idref="fl-6f"/>
      </object_component>
      <object_component id="oc-98">
         <name>.int54</name>
         <load_address>0xfffc</load_address>
         <run_address>0xfffc</run_address>
         <size>0x2</size>
         <input_file_ref idref="fl-70"/>
      </object_component>
      <object_component id="oc-de">
         <name>.reset</name>
         <load_address>0xfffe</load_address>
         <run_address>0xfffe</run_address>
         <size>0x2</size>
         <input_file_ref idref="fl-7c"/>
      </object_component>
      <object_component id="oc-138">
         <name>.debug_info</name>
         <load_address>0x0</load_address>
         <run_address>0x0</run_address>
         <size>0xea</size>
         <input_file_ref idref="fl-2"/>
      </object_component>
      <object_component id="oc-20e">
         <name>.debug_info</name>
         <load_address>0xea</load_address>
         <run_address>0xea</run_address>
         <size>0x8b</size>
         <input_file_ref idref="fl-2"/>
      </object_component>
      <object_component id="oc-1c0">
         <name>.debug_info</name>
         <load_address>0x175</load_address>
         <run_address>0x175</run_address>
         <size>0x18b</size>
         <input_file_ref idref="fl-2"/>
      </object_component>
      <object_component id="oc-14d">
         <name>.debug_info</name>
         <load_address>0x300</load_address>
         <run_address>0x300</run_address>
         <size>0x84</size>
         <input_file_ref idref="fl-4"/>
      </object_component>
      <object_component id="oc-27d">
         <name>.debug_info</name>
         <load_address>0x384</load_address>
         <run_address>0x384</run_address>
         <size>0x129</size>
         <input_file_ref idref="fl-8"/>
      </object_component>
      <object_component id="oc-29e">
         <name>.debug_info</name>
         <load_address>0x4ad</load_address>
         <run_address>0x4ad</run_address>
         <size>0x2d9</size>
         <input_file_ref idref="fl-8"/>
      </object_component>
      <object_component id="oc-284">
         <name>.debug_info</name>
         <load_address>0x786</load_address>
         <run_address>0x786</run_address>
         <size>0x2cd</size>
         <input_file_ref idref="fl-8"/>
      </object_component>
      <object_component id="oc-234">
         <name>.debug_info</name>
         <load_address>0xa53</load_address>
         <run_address>0xa53</run_address>
         <size>0x205</size>
         <input_file_ref idref="fl-8"/>
      </object_component>
      <object_component id="oc-246">
         <name>.debug_info</name>
         <load_address>0xc58</load_address>
         <run_address>0xc58</run_address>
         <size>0x22d</size>
         <input_file_ref idref="fl-8"/>
      </object_component>
      <object_component id="oc-23a">
         <name>.debug_info</name>
         <load_address>0xe85</load_address>
         <run_address>0xe85</run_address>
         <size>0x148</size>
         <input_file_ref idref="fl-8"/>
      </object_component>
      <object_component id="oc-25c">
         <name>.debug_info</name>
         <load_address>0xfcd</load_address>
         <run_address>0xfcd</run_address>
         <size>0x197</size>
         <input_file_ref idref="fl-8"/>
      </object_component>
      <object_component id="oc-255">
         <name>.debug_info</name>
         <load_address>0x1164</load_address>
         <run_address>0x1164</run_address>
         <size>0x19d</size>
         <input_file_ref idref="fl-8"/>
      </object_component>
      <object_component id="oc-24c">
         <name>.debug_info</name>
         <load_address>0x1301</load_address>
         <run_address>0x1301</run_address>
         <size>0x14f</size>
         <input_file_ref idref="fl-8"/>
      </object_component>
      <object_component id="oc-240">
         <name>.debug_info</name>
         <load_address>0x1450</load_address>
         <run_address>0x1450</run_address>
         <size>0x172</size>
         <input_file_ref idref="fl-8"/>
      </object_component>
      <object_component id="oc-20d">
         <name>.debug_info</name>
         <load_address>0x15c2</load_address>
         <run_address>0x15c2</run_address>
         <size>0x13f</size>
         <input_file_ref idref="fl-10"/>
      </object_component>
      <object_component id="oc-1bd">
         <name>.debug_info</name>
         <load_address>0x1701</load_address>
         <run_address>0x1701</run_address>
         <size>0xd9</size>
         <input_file_ref idref="fl-10"/>
      </object_component>
      <object_component id="oc-22e">
         <name>.debug_info</name>
         <load_address>0x17da</load_address>
         <run_address>0x17da</run_address>
         <size>0x1df</size>
         <input_file_ref idref="fl-10"/>
      </object_component>
      <object_component id="oc-228">
         <name>.debug_info</name>
         <load_address>0x19b9</load_address>
         <run_address>0x19b9</run_address>
         <size>0x230</size>
         <input_file_ref idref="fl-10"/>
      </object_component>
      <object_component id="oc-16b">
         <name>.debug_info</name>
         <load_address>0x1be9</load_address>
         <run_address>0x1be9</run_address>
         <size>0x1ea</size>
         <input_file_ref idref="fl-10"/>
      </object_component>
      <object_component id="oc-191">
         <name>.debug_info</name>
         <load_address>0x1dd3</load_address>
         <run_address>0x1dd3</run_address>
         <size>0x1e8</size>
         <input_file_ref idref="fl-10"/>
      </object_component>
      <object_component id="oc-21a">
         <name>.debug_info</name>
         <load_address>0x1fbb</load_address>
         <run_address>0x1fbb</run_address>
         <size>0x208</size>
         <input_file_ref idref="fl-10"/>
      </object_component>
      <object_component id="oc-18b">
         <name>.debug_info</name>
         <load_address>0x21c3</load_address>
         <run_address>0x21c3</run_address>
         <size>0x1e4</size>
         <input_file_ref idref="fl-10"/>
      </object_component>
      <object_component id="oc-171">
         <name>.debug_info</name>
         <load_address>0x23a7</load_address>
         <run_address>0x23a7</run_address>
         <size>0x1e6</size>
         <input_file_ref idref="fl-10"/>
      </object_component>
      <object_component id="oc-185">
         <name>.debug_info</name>
         <load_address>0x258d</load_address>
         <run_address>0x258d</run_address>
         <size>0x1e2</size>
         <input_file_ref idref="fl-10"/>
      </object_component>
      <object_component id="oc-165">
         <name>.debug_info</name>
         <load_address>0x276f</load_address>
         <run_address>0x276f</run_address>
         <size>0x226</size>
         <input_file_ref idref="fl-10"/>
      </object_component>
      <object_component id="oc-220">
         <name>.debug_info</name>
         <load_address>0x2995</load_address>
         <run_address>0x2995</run_address>
         <size>0x12f</size>
         <input_file_ref idref="fl-14"/>
      </object_component>
      <object_component id="oc-271">
         <name>.debug_info</name>
         <load_address>0x2ac4</load_address>
         <run_address>0x2ac4</run_address>
         <size>0x17f</size>
         <input_file_ref idref="fl-19"/>
      </object_component>
      <object_component id="oc-26a">
         <name>.debug_info</name>
         <load_address>0x2c43</load_address>
         <run_address>0x2c43</run_address>
         <size>0x18d</size>
         <input_file_ref idref="fl-19"/>
      </object_component>
      <object_component id="oc-1ee">
         <name>.debug_info</name>
         <load_address>0x2dd0</load_address>
         <run_address>0x2dd0</run_address>
         <size>0x18c</size>
         <input_file_ref idref="fl-1e"/>
      </object_component>
      <object_component id="oc-177">
         <name>.debug_info</name>
         <load_address>0x2f5c</load_address>
         <run_address>0x2f5c</run_address>
         <size>0x18e</size>
         <input_file_ref idref="fl-1e"/>
      </object_component>
      <object_component id="oc-17f">
         <name>.debug_info</name>
         <load_address>0x30ea</load_address>
         <run_address>0x30ea</run_address>
         <size>0x198</size>
         <input_file_ref idref="fl-1e"/>
      </object_component>
      <object_component id="oc-266">
         <name>.debug_info</name>
         <load_address>0x3282</load_address>
         <run_address>0x3282</run_address>
         <size>0x1e6</size>
         <input_file_ref idref="fl-1e"/>
      </object_component>
      <object_component id="oc-206">
         <name>.debug_info</name>
         <load_address>0x3468</load_address>
         <run_address>0x3468</run_address>
         <size>0x175</size>
         <input_file_ref idref="fl-1f"/>
      </object_component>
      <object_component id="oc-10c">
         <name>.debug_info</name>
         <load_address>0x35dd</load_address>
         <run_address>0x35dd</run_address>
         <size>0x1a3</size>
         <input_file_ref idref="fl-1f"/>
      </object_component>
      <object_component id="oc-252">
         <name>.debug_info</name>
         <load_address>0x3780</load_address>
         <run_address>0x3780</run_address>
         <size>0x2e0</size>
         <input_file_ref idref="fl-20"/>
      </object_component>
      <object_component id="oc-1ff">
         <name>.debug_info</name>
         <load_address>0x3a60</load_address>
         <run_address>0x3a60</run_address>
         <size>0x1f5</size>
         <input_file_ref idref="fl-20"/>
      </object_component>
      <object_component id="oc-1b4">
         <name>.debug_info</name>
         <load_address>0x3c55</load_address>
         <run_address>0x3c55</run_address>
         <size>0x182</size>
         <input_file_ref idref="fl-21"/>
      </object_component>
      <object_component id="oc-1f9">
         <name>.debug_info</name>
         <load_address>0x3dd7</load_address>
         <run_address>0x3dd7</run_address>
         <size>0x20d</size>
         <input_file_ref idref="fl-22"/>
      </object_component>
      <object_component id="oc-105">
         <name>.debug_info</name>
         <load_address>0x3fe4</load_address>
         <run_address>0x3fe4</run_address>
         <size>0x117</size>
         <input_file_ref idref="fl-22"/>
      </object_component>
      <object_component id="oc-ff">
         <name>.debug_info</name>
         <load_address>0x40fb</load_address>
         <run_address>0x40fb</run_address>
         <size>0x182</size>
         <input_file_ref idref="fl-22"/>
      </object_component>
      <object_component id="oc-1f3">
         <name>.debug_info</name>
         <load_address>0x427d</load_address>
         <run_address>0x427d</run_address>
         <size>0x22b</size>
         <input_file_ref idref="fl-23"/>
      </object_component>
      <object_component id="oc-eb">
         <name>.debug_info</name>
         <load_address>0x44a8</load_address>
         <run_address>0x44a8</run_address>
         <size>0x1a7</size>
         <input_file_ref idref="fl-58"/>
      </object_component>
      <object_component id="oc-76">
         <name>.debug_info</name>
         <load_address>0x464f</load_address>
         <run_address>0x464f</run_address>
         <size>0x1a9</size>
         <input_file_ref idref="fl-58"/>
      </object_component>
      <object_component id="oc-e6">
         <name>.debug_info</name>
         <load_address>0x47f8</load_address>
         <run_address>0x47f8</run_address>
         <size>0x46</size>
         <input_file_ref idref="fl-58"/>
      </object_component>
      <object_component id="oc-15b">
         <name>.debug_info</name>
         <load_address>0x483e</load_address>
         <run_address>0x483e</run_address>
         <size>0x2c</size>
         <input_file_ref idref="fl-58"/>
      </object_component>
      <object_component id="oc-f3">
         <name>.debug_info</name>
         <load_address>0x486a</load_address>
         <run_address>0x486a</run_address>
         <size>0x164</size>
         <input_file_ref idref="fl-59"/>
      </object_component>
      <object_component id="oc-ef">
         <name>.debug_info</name>
         <load_address>0x49ce</load_address>
         <run_address>0x49ce</run_address>
         <size>0x21b</size>
         <input_file_ref idref="fl-59"/>
      </object_component>
      <object_component id="oc-7b">
         <name>.debug_info</name>
         <load_address>0x4be9</load_address>
         <run_address>0x4be9</run_address>
         <size>0x192</size>
         <input_file_ref idref="fl-59"/>
      </object_component>
      <object_component id="oc-f4">
         <name>.debug_info</name>
         <load_address>0x4d7b</load_address>
         <run_address>0x4d7b</run_address>
         <size>0x39</size>
         <input_file_ref idref="fl-59"/>
      </object_component>
      <object_component id="oc-fa">
         <name>.debug_info</name>
         <load_address>0x4db4</load_address>
         <run_address>0x4db4</run_address>
         <size>0xec</size>
         <input_file_ref idref="fl-5b"/>
      </object_component>
      <object_component id="oc-116">
         <name>.debug_info</name>
         <load_address>0x4ea0</load_address>
         <run_address>0x4ea0</run_address>
         <size>0x155</size>
         <input_file_ref idref="fl-71"/>
      </object_component>
      <object_component id="oc-9a">
         <name>.debug_info</name>
         <load_address>0x4ff5</load_address>
         <run_address>0x4ff5</run_address>
         <size>0x19b</size>
         <input_file_ref idref="fl-71"/>
      </object_component>
      <object_component id="oc-111">
         <name>.debug_info</name>
         <load_address>0x5190</load_address>
         <run_address>0x5190</run_address>
         <size>0x46</size>
         <input_file_ref idref="fl-71"/>
      </object_component>
      <object_component id="oc-2a4">
         <name>.debug_info</name>
         <load_address>0x51d6</load_address>
         <run_address>0x51d6</run_address>
         <size>0x112</size>
         <input_file_ref idref="fl-72"/>
      </object_component>
      <object_component id="oc-299">
         <name>.debug_info</name>
         <load_address>0x52e8</load_address>
         <run_address>0x52e8</run_address>
         <size>0x115</size>
         <input_file_ref idref="fl-73"/>
      </object_component>
      <object_component id="oc-2ad">
         <name>.debug_info</name>
         <load_address>0x53fd</load_address>
         <run_address>0x53fd</run_address>
         <size>0xfe</size>
         <input_file_ref idref="fl-74"/>
      </object_component>
      <object_component id="oc-296">
         <name>.debug_info</name>
         <load_address>0x54fb</load_address>
         <run_address>0x54fb</run_address>
         <size>0x100</size>
         <input_file_ref idref="fl-75"/>
      </object_component>
      <object_component id="oc-dc">
         <name>.debug_info</name>
         <load_address>0x55fb</load_address>
         <run_address>0x55fb</run_address>
         <size>0xd6</size>
         <input_file_ref idref="fl-7c"/>
      </object_component>
      <object_component id="oc-19b">
         <name>.debug_info</name>
         <load_address>0x56d1</load_address>
         <run_address>0x56d1</run_address>
         <size>0x304</size>
         <input_file_ref idref="fl-7e"/>
      </object_component>
      <object_component id="oc-11e">
         <name>.debug_info</name>
         <load_address>0x59d5</load_address>
         <run_address>0x59d5</run_address>
         <size>0x1d8</size>
         <input_file_ref idref="fl-7e"/>
      </object_component>
      <object_component id="oc-1ce">
         <name>.debug_info</name>
         <load_address>0x5bad</load_address>
         <run_address>0x5bad</run_address>
         <size>0x39</size>
         <input_file_ref idref="fl-7e"/>
      </object_component>
      <object_component id="oc-19c">
         <name>.debug_info</name>
         <load_address>0x5be6</load_address>
         <run_address>0x5be6</run_address>
         <size>0x2c</size>
         <input_file_ref idref="fl-7e"/>
      </object_component>
      <object_component id="oc-b9">
         <name>.debug_info</name>
         <load_address>0x5c12</load_address>
         <run_address>0x5c12</run_address>
         <size>0x177</size>
         <input_file_ref idref="fl-7f"/>
      </object_component>
      <object_component id="oc-118">
         <name>.debug_info</name>
         <load_address>0x5d89</load_address>
         <run_address>0x5d89</run_address>
         <size>0x129</size>
         <input_file_ref idref="fl-81"/>
      </object_component>
      <object_component id="oc-140">
         <name>.debug_info</name>
         <load_address>0x5eb2</load_address>
         <run_address>0x5eb2</run_address>
         <size>0xf8</size>
         <input_file_ref idref="fl-82"/>
      </object_component>
      <object_component id="oc-153">
         <name>.debug_info</name>
         <load_address>0x5faa</load_address>
         <run_address>0x5faa</run_address>
         <size>0x15d</size>
         <input_file_ref idref="fl-85"/>
      </object_component>
      <object_component id="oc-e0">
         <name>.debug_info</name>
         <load_address>0x6107</load_address>
         <run_address>0x6107</run_address>
         <size>0x172</size>
         <input_file_ref idref="fl-85"/>
      </object_component>
      <object_component id="oc-154">
         <name>.debug_info</name>
         <load_address>0x6279</load_address>
         <run_address>0x6279</run_address>
         <size>0x2c</size>
         <input_file_ref idref="fl-85"/>
      </object_component>
      <object_component id="oc-31e">
         <name>.debug_info</name>
         <load_address>0x62a5</load_address>
         <run_address>0x62a5</run_address>
         <size>0x84</size>
      </object_component>
      <object_component id="oc-13b">
         <name>.debug_line</name>
         <load_address>0x0</load_address>
         <run_address>0x0</run_address>
         <size>0x43</size>
         <input_file_ref idref="fl-2"/>
      </object_component>
      <object_component id="oc-211">
         <name>.debug_line</name>
         <load_address>0x43</load_address>
         <run_address>0x43</run_address>
         <size>0x20</size>
         <input_file_ref idref="fl-2"/>
      </object_component>
      <object_component id="oc-1c3">
         <name>.debug_line</name>
         <load_address>0x63</load_address>
         <run_address>0x63</run_address>
         <size>0x63</size>
         <input_file_ref idref="fl-2"/>
      </object_component>
      <object_component id="oc-150">
         <name>.debug_line</name>
         <load_address>0xc6</load_address>
         <run_address>0xc6</run_address>
         <size>0x20</size>
         <input_file_ref idref="fl-4"/>
      </object_component>
      <object_component id="oc-292">
         <name>.debug_line</name>
         <load_address>0xe6</load_address>
         <run_address>0xe6</run_address>
         <size>0x45</size>
         <input_file_ref idref="fl-8"/>
      </object_component>
      <object_component id="oc-2a1">
         <name>.debug_line</name>
         <load_address>0x12b</load_address>
         <run_address>0x12b</run_address>
         <size>0xc7</size>
         <input_file_ref idref="fl-8"/>
      </object_component>
      <object_component id="oc-287">
         <name>.debug_line</name>
         <load_address>0x1f2</load_address>
         <run_address>0x1f2</run_address>
         <size>0xae</size>
         <input_file_ref idref="fl-8"/>
      </object_component>
      <object_component id="oc-237">
         <name>.debug_line</name>
         <load_address>0x2a0</load_address>
         <run_address>0x2a0</run_address>
         <size>0x5c</size>
         <input_file_ref idref="fl-8"/>
      </object_component>
      <object_component id="oc-249">
         <name>.debug_line</name>
         <load_address>0x2fc</load_address>
         <run_address>0x2fc</run_address>
         <size>0x75</size>
         <input_file_ref idref="fl-8"/>
      </object_component>
      <object_component id="oc-23d">
         <name>.debug_line</name>
         <load_address>0x371</load_address>
         <run_address>0x371</run_address>
         <size>0x68</size>
         <input_file_ref idref="fl-8"/>
      </object_component>
      <object_component id="oc-25f">
         <name>.debug_line</name>
         <load_address>0x3d9</load_address>
         <run_address>0x3d9</run_address>
         <size>0x61</size>
         <input_file_ref idref="fl-8"/>
      </object_component>
      <object_component id="oc-258">
         <name>.debug_line</name>
         <load_address>0x43a</load_address>
         <run_address>0x43a</run_address>
         <size>0x61</size>
         <input_file_ref idref="fl-8"/>
      </object_component>
      <object_component id="oc-24f">
         <name>.debug_line</name>
         <load_address>0x49b</load_address>
         <run_address>0x49b</run_address>
         <size>0x61</size>
         <input_file_ref idref="fl-8"/>
      </object_component>
      <object_component id="oc-243">
         <name>.debug_line</name>
         <load_address>0x4fc</load_address>
         <run_address>0x4fc</run_address>
         <size>0x5d</size>
         <input_file_ref idref="fl-8"/>
      </object_component>
      <object_component id="oc-277">
         <name>.debug_line</name>
         <load_address>0x559</load_address>
         <run_address>0x559</run_address>
         <size>0x20</size>
         <input_file_ref idref="fl-10"/>
      </object_component>
      <object_component id="oc-20c">
         <name>.debug_line</name>
         <load_address>0x579</load_address>
         <run_address>0x579</run_address>
         <size>0x47</size>
         <input_file_ref idref="fl-10"/>
      </object_component>
      <object_component id="oc-22d">
         <name>.debug_line</name>
         <load_address>0x5c0</load_address>
         <run_address>0x5c0</run_address>
         <size>0x68</size>
         <input_file_ref idref="fl-10"/>
      </object_component>
      <object_component id="oc-227">
         <name>.debug_line</name>
         <load_address>0x628</load_address>
         <run_address>0x628</run_address>
         <size>0x71</size>
         <input_file_ref idref="fl-10"/>
      </object_component>
      <object_component id="oc-16f">
         <name>.debug_line</name>
         <load_address>0x699</load_address>
         <run_address>0x699</run_address>
         <size>0x66</size>
         <input_file_ref idref="fl-10"/>
      </object_component>
      <object_component id="oc-194">
         <name>.debug_line</name>
         <load_address>0x6ff</load_address>
         <run_address>0x6ff</run_address>
         <size>0x66</size>
         <input_file_ref idref="fl-10"/>
      </object_component>
      <object_component id="oc-21d">
         <name>.debug_line</name>
         <load_address>0x765</load_address>
         <run_address>0x765</run_address>
         <size>0x6a</size>
         <input_file_ref idref="fl-10"/>
      </object_component>
      <object_component id="oc-18e">
         <name>.debug_line</name>
         <load_address>0x7cf</load_address>
         <run_address>0x7cf</run_address>
         <size>0x66</size>
         <input_file_ref idref="fl-10"/>
      </object_component>
      <object_component id="oc-175">
         <name>.debug_line</name>
         <load_address>0x835</load_address>
         <run_address>0x835</run_address>
         <size>0x66</size>
         <input_file_ref idref="fl-10"/>
      </object_component>
      <object_component id="oc-189">
         <name>.debug_line</name>
         <load_address>0x89b</load_address>
         <run_address>0x89b</run_address>
         <size>0x66</size>
         <input_file_ref idref="fl-10"/>
      </object_component>
      <object_component id="oc-168">
         <name>.debug_line</name>
         <load_address>0x901</load_address>
         <run_address>0x901</run_address>
         <size>0x6f</size>
         <input_file_ref idref="fl-10"/>
      </object_component>
      <object_component id="oc-223">
         <name>.debug_line</name>
         <load_address>0x970</load_address>
         <run_address>0x970</run_address>
         <size>0x5c</size>
         <input_file_ref idref="fl-14"/>
      </object_component>
      <object_component id="oc-270">
         <name>.debug_line</name>
         <load_address>0x9cc</load_address>
         <run_address>0x9cc</run_address>
         <size>0x59</size>
         <input_file_ref idref="fl-19"/>
      </object_component>
      <object_component id="oc-26d">
         <name>.debug_line</name>
         <load_address>0xa25</load_address>
         <run_address>0xa25</run_address>
         <size>0x59</size>
         <input_file_ref idref="fl-19"/>
      </object_component>
      <object_component id="oc-1f1">
         <name>.debug_line</name>
         <load_address>0xa7e</load_address>
         <run_address>0xa7e</run_address>
         <size>0x60</size>
         <input_file_ref idref="fl-1e"/>
      </object_component>
      <object_component id="oc-17b">
         <name>.debug_line</name>
         <load_address>0xade</load_address>
         <run_address>0xade</run_address>
         <size>0x60</size>
         <input_file_ref idref="fl-1e"/>
      </object_component>
      <object_component id="oc-183">
         <name>.debug_line</name>
         <load_address>0xb3e</load_address>
         <run_address>0xb3e</run_address>
         <size>0x61</size>
         <input_file_ref idref="fl-1e"/>
      </object_component>
      <object_component id="oc-264">
         <name>.debug_line</name>
         <load_address>0xb9f</load_address>
         <run_address>0xb9f</run_address>
         <size>0x5e</size>
         <input_file_ref idref="fl-1e"/>
      </object_component>
      <object_component id="oc-205">
         <name>.debug_line</name>
         <load_address>0xbfd</load_address>
         <run_address>0xbfd</run_address>
         <size>0x58</size>
         <input_file_ref idref="fl-1f"/>
      </object_component>
      <object_component id="oc-10b">
         <name>.debug_line</name>
         <load_address>0xc55</load_address>
         <run_address>0xc55</run_address>
         <size>0x5a</size>
         <input_file_ref idref="fl-1f"/>
      </object_component>
      <object_component id="oc-28b">
         <name>.debug_line</name>
         <load_address>0xcaf</load_address>
         <run_address>0xcaf</run_address>
         <size>0xbd</size>
         <input_file_ref idref="fl-20"/>
      </object_component>
      <object_component id="oc-202">
         <name>.debug_line</name>
         <load_address>0xd6c</load_address>
         <run_address>0xd6c</run_address>
         <size>0x61</size>
         <input_file_ref idref="fl-20"/>
      </object_component>
      <object_component id="oc-1b3">
         <name>.debug_line</name>
         <load_address>0xdcd</load_address>
         <run_address>0xdcd</run_address>
         <size>0x4e</size>
         <input_file_ref idref="fl-21"/>
      </object_component>
      <object_component id="oc-1fc">
         <name>.debug_line</name>
         <load_address>0xe1b</load_address>
         <run_address>0xe1b</run_address>
         <size>0x5a</size>
         <input_file_ref idref="fl-22"/>
      </object_component>
      <object_component id="oc-109">
         <name>.debug_line</name>
         <load_address>0xe75</load_address>
         <run_address>0xe75</run_address>
         <size>0x57</size>
         <input_file_ref idref="fl-22"/>
      </object_component>
      <object_component id="oc-102">
         <name>.debug_line</name>
         <load_address>0xecc</load_address>
         <run_address>0xecc</run_address>
         <size>0x63</size>
         <input_file_ref idref="fl-22"/>
      </object_component>
      <object_component id="oc-1f6">
         <name>.debug_line</name>
         <load_address>0xf2f</load_address>
         <run_address>0xf2f</run_address>
         <size>0x5a</size>
         <input_file_ref idref="fl-23"/>
      </object_component>
      <object_component id="oc-15a">
         <name>.debug_line</name>
         <load_address>0xf89</load_address>
         <run_address>0xf89</run_address>
         <size>0x80</size>
         <input_file_ref idref="fl-58"/>
      </object_component>
      <object_component id="oc-75">
         <name>.debug_line</name>
         <load_address>0x1009</load_address>
         <run_address>0x1009</run_address>
         <size>0x50</size>
         <input_file_ref idref="fl-58"/>
      </object_component>
      <object_component id="oc-e9">
         <name>.debug_line</name>
         <load_address>0x1059</load_address>
         <run_address>0x1059</run_address>
         <size>0x3a</size>
         <input_file_ref idref="fl-58"/>
      </object_component>
      <object_component id="oc-15e">
         <name>.debug_line</name>
         <load_address>0x1093</load_address>
         <run_address>0x1093</run_address>
         <size>0x80</size>
         <input_file_ref idref="fl-58"/>
      </object_component>
      <object_component id="oc-162">
         <name>.debug_line</name>
         <load_address>0x1113</load_address>
         <run_address>0x1113</run_address>
         <size>0x20</size>
         <input_file_ref idref="fl-59"/>
      </object_component>
      <object_component id="oc-f1">
         <name>.debug_line</name>
         <load_address>0x1133</load_address>
         <run_address>0x1133</run_address>
         <size>0x8b</size>
         <input_file_ref idref="fl-59"/>
      </object_component>
      <object_component id="oc-7f">
         <name>.debug_line</name>
         <load_address>0x11be</load_address>
         <run_address>0x11be</run_address>
         <size>0x49</size>
         <input_file_ref idref="fl-59"/>
      </object_component>
      <object_component id="oc-f7">
         <name>.debug_line</name>
         <load_address>0x1207</load_address>
         <run_address>0x1207</run_address>
         <size>0x39</size>
         <input_file_ref idref="fl-59"/>
      </object_component>
      <object_component id="oc-fd">
         <name>.debug_line</name>
         <load_address>0x1240</load_address>
         <run_address>0x1240</run_address>
         <size>0x3c</size>
         <input_file_ref idref="fl-5b"/>
      </object_component>
      <object_component id="oc-198">
         <name>.debug_line</name>
         <load_address>0x127c</load_address>
         <run_address>0x127c</run_address>
         <size>0x20</size>
         <input_file_ref idref="fl-71"/>
      </object_component>
      <object_component id="oc-9e">
         <name>.debug_line</name>
         <load_address>0x129c</load_address>
         <run_address>0x129c</run_address>
         <size>0x4d</size>
         <input_file_ref idref="fl-71"/>
      </object_component>
      <object_component id="oc-114">
         <name>.debug_line</name>
         <load_address>0x12e9</load_address>
         <run_address>0x12e9</run_address>
         <size>0x34</size>
         <input_file_ref idref="fl-71"/>
      </object_component>
      <object_component id="oc-2a7">
         <name>.debug_line</name>
         <load_address>0x131d</load_address>
         <run_address>0x131d</run_address>
         <size>0x4d</size>
         <input_file_ref idref="fl-72"/>
      </object_component>
      <object_component id="oc-29c">
         <name>.debug_line</name>
         <load_address>0x136a</load_address>
         <run_address>0x136a</run_address>
         <size>0x5a</size>
         <input_file_ref idref="fl-73"/>
      </object_component>
      <object_component id="oc-2b0">
         <name>.debug_line</name>
         <load_address>0x13c4</load_address>
         <run_address>0x13c4</run_address>
         <size>0x43</size>
         <input_file_ref idref="fl-74"/>
      </object_component>
      <object_component id="oc-294">
         <name>.debug_line</name>
         <load_address>0x1407</load_address>
         <run_address>0x1407</run_address>
         <size>0x64</size>
         <input_file_ref idref="fl-75"/>
      </object_component>
      <object_component id="oc-14c">
         <name>.debug_line</name>
         <load_address>0x146b</load_address>
         <run_address>0x146b</run_address>
         <size>0x2a</size>
         <input_file_ref idref="fl-7c"/>
      </object_component>
      <object_component id="oc-1cd">
         <name>.debug_line</name>
         <load_address>0x1495</load_address>
         <run_address>0x1495</run_address>
         <size>0x40</size>
         <input_file_ref idref="fl-7e"/>
      </object_component>
      <object_component id="oc-121">
         <name>.debug_line</name>
         <load_address>0x14d5</load_address>
         <run_address>0x14d5</run_address>
         <size>0x94</size>
         <input_file_ref idref="fl-7e"/>
      </object_component>
      <object_component id="oc-1d1">
         <name>.debug_line</name>
         <load_address>0x1569</load_address>
         <run_address>0x1569</run_address>
         <size>0x2e</size>
         <input_file_ref idref="fl-7e"/>
      </object_component>
      <object_component id="oc-19f">
         <name>.debug_line</name>
         <load_address>0x1597</load_address>
         <run_address>0x1597</run_address>
         <size>0x80</size>
         <input_file_ref idref="fl-7e"/>
      </object_component>
      <object_component id="oc-b8">
         <name>.debug_line</name>
         <load_address>0x1617</load_address>
         <run_address>0x1617</run_address>
         <size>0x4c</size>
         <input_file_ref idref="fl-7f"/>
      </object_component>
      <object_component id="oc-11b">
         <name>.debug_line</name>
         <load_address>0x1663</load_address>
         <run_address>0x1663</run_address>
         <size>0x3e</size>
         <input_file_ref idref="fl-81"/>
      </object_component>
      <object_component id="oc-144">
         <name>.debug_line</name>
         <load_address>0x16a1</load_address>
         <run_address>0x16a1</run_address>
         <size>0x3a</size>
         <input_file_ref idref="fl-82"/>
      </object_component>
      <object_component id="oc-1bb">
         <name>.debug_line</name>
         <load_address>0x16db</load_address>
         <run_address>0x16db</run_address>
         <size>0x20</size>
         <input_file_ref idref="fl-85"/>
      </object_component>
      <object_component id="oc-e3">
         <name>.debug_line</name>
         <load_address>0x16fb</load_address>
         <run_address>0x16fb</run_address>
         <size>0x45</size>
         <input_file_ref idref="fl-85"/>
      </object_component>
      <object_component id="oc-157">
         <name>.debug_line</name>
         <load_address>0x1740</load_address>
         <run_address>0x1740</run_address>
         <size>0x80</size>
         <input_file_ref idref="fl-85"/>
      </object_component>
      <object_component id="oc-13c">
         <name>.debug_frame</name>
         <load_address>0x0</load_address>
         <run_address>0x0</run_address>
         <size>0x47</size>
         <input_file_ref idref="fl-2"/>
      </object_component>
      <object_component id="oc-2a2">
         <name>.debug_frame</name>
         <load_address>0x47</load_address>
         <run_address>0x47</run_address>
         <size>0x48</size>
         <input_file_ref idref="fl-8"/>
      </object_component>
      <object_component id="oc-288">
         <name>.debug_frame</name>
         <load_address>0x8f</load_address>
         <run_address>0x8f</run_address>
         <size>0x54</size>
         <input_file_ref idref="fl-8"/>
      </object_component>
      <object_component id="oc-238">
         <name>.debug_frame</name>
         <load_address>0xe3</load_address>
         <run_address>0xe3</run_address>
         <size>0x47</size>
         <input_file_ref idref="fl-8"/>
      </object_component>
      <object_component id="oc-24a">
         <name>.debug_frame</name>
         <load_address>0x12a</load_address>
         <run_address>0x12a</run_address>
         <size>0x47</size>
         <input_file_ref idref="fl-8"/>
      </object_component>
      <object_component id="oc-23e">
         <name>.debug_frame</name>
         <load_address>0x171</load_address>
         <run_address>0x171</run_address>
         <size>0x47</size>
         <input_file_ref idref="fl-8"/>
      </object_component>
      <object_component id="oc-260">
         <name>.debug_frame</name>
         <load_address>0x1b8</load_address>
         <run_address>0x1b8</run_address>
         <size>0x47</size>
         <input_file_ref idref="fl-8"/>
      </object_component>
      <object_component id="oc-259">
         <name>.debug_frame</name>
         <load_address>0x1ff</load_address>
         <run_address>0x1ff</run_address>
         <size>0x47</size>
         <input_file_ref idref="fl-8"/>
      </object_component>
      <object_component id="oc-250">
         <name>.debug_frame</name>
         <load_address>0x246</load_address>
         <run_address>0x246</run_address>
         <size>0x47</size>
         <input_file_ref idref="fl-8"/>
      </object_component>
      <object_component id="oc-244">
         <name>.debug_frame</name>
         <load_address>0x28d</load_address>
         <run_address>0x28d</run_address>
         <size>0x47</size>
         <input_file_ref idref="fl-8"/>
      </object_component>
      <object_component id="oc-231">
         <name>.debug_frame</name>
         <load_address>0x2d4</load_address>
         <run_address>0x2d4</run_address>
         <size>0x47</size>
         <input_file_ref idref="fl-10"/>
      </object_component>
      <object_component id="oc-22b">
         <name>.debug_frame</name>
         <load_address>0x31b</load_address>
         <run_address>0x31b</run_address>
         <size>0x47</size>
         <input_file_ref idref="fl-10"/>
      </object_component>
      <object_component id="oc-16e">
         <name>.debug_frame</name>
         <load_address>0x362</load_address>
         <run_address>0x362</run_address>
         <size>0x47</size>
         <input_file_ref idref="fl-10"/>
      </object_component>
      <object_component id="oc-195">
         <name>.debug_frame</name>
         <load_address>0x3a9</load_address>
         <run_address>0x3a9</run_address>
         <size>0x47</size>
         <input_file_ref idref="fl-10"/>
      </object_component>
      <object_component id="oc-21e">
         <name>.debug_frame</name>
         <load_address>0x3f0</load_address>
         <run_address>0x3f0</run_address>
         <size>0x47</size>
         <input_file_ref idref="fl-10"/>
      </object_component>
      <object_component id="oc-18f">
         <name>.debug_frame</name>
         <load_address>0x437</load_address>
[...]
         <value>0x642</value>
      </symbol>
      <symbol id="sm-2ef">
         <name>UCB0CTLW1_H</name>
         <value>0x643</value>
      </symbol>
      <symbol id="sm-2f0">
         <name>UCB0BRW</name>
         <value>0x646</value>
      </symbol>
      <symbol id="sm-2f1">
         <name>UCB0BRW_L</name>
         <value>0x646</value>
      </symbol>
      <symbol id="sm-2f2">
         <name>UCB0BRW_H</name>
         <value>0x647</value>
      </symbol>
      <symbol id="sm-2f3">
         <name>UCB0STATW</name>
         <value>0x648</value>
      </symbol>
      <symbol id="sm-2f4">
         <name>UCB0STATW_L</name>
         <value>0x648</value>
      </symbol>
      <symbol id="sm-2f5">
         <name>UCB0STATW_H</name>
         <value>0x649</value>
      </symbol>
      <symbol id="sm-2f6">
         <name>UCB0TBCNT</name>
         <value>0x64a</value>
      </symbol>
      <symbol id="sm-2f7">
         <name>UCB0TBCNT_L</name>
         <value>0x64a</value>
      </symbol>
      <symbol id="sm-2f8">
         <name>UCB0TBCNT_H</name>
         <value>0x64b</value>
      </symbol>
      <symbol id="sm-2f9">
         <name>UCB0RXBUF</name>
         <value>0x64c</value>
      </symbol>
      <symbol id="sm-2fa">
         <name>UCB0RXBUF_L</name>
         <value>0x64c</value>
      </symbol>
      <symbol id="sm-2fb">
         <name>UCB0RXBUF_H</name>
         <value>0x64d</value>
      </symbol>
      <symbol id="sm-2fc">
         <name>UCB0TXBUF</name>
         <value>0x64e</value>
      </symbol>
      <symbol id="sm-2fd">
         <name>UCB0TXBUF_L</name>
         <value>0x64e</value>
      </symbol>
      <symbol id="sm-2fe">
         <name>UCB0TXBUF_H</name>
         <value>0x64f</value>
      </symbol>
      <symbol id="sm-2ff">
         <name>UCB0I2COA0</name>
         <value>0x654</value>
      </symbol>
      <symbol id="sm-300">
         <name>UCB0I2COA0_L</name>
         <value>0x654</value>
      </symbol>
      <symbol id="sm-301">
         <name>UCB0I2COA0_H</name>
         <value>0x655</value>
      </symbol>
      <symbol id="sm-302">
         <name>UCB0I2COA1</name>
         <value>0x656</value>
      </symbol>
      <symbol id="sm-303">
         <name>UCB0I2COA1_L</name>
         <value>0x656</value>
      </symbol>
      <symbol id="sm-304">
         <name>UCB0I2COA1_H</name>
         <value>0x657</value>
      </symbol>
      <symbol id="sm-305">
         <name>UCB0I2COA2</name>
         <value>0x658</value>
      </symbol>
      <symbol id="sm-306">
         <name>UCB0I2COA2_L</name>
         <value>0x658</value>
      </symbol>
      <symbol id="sm-307">
         <name>UCB0I2COA2_H</name>
         <value>0x659</value>
      </symbol>
      <symbol id="sm-308">
         <name>UCB0I2COA3</name>
         <value>0x65a</value>
      </symbol>
      <symbol id="sm-309">
         <name>UCB0I2COA3_L</name>
         <value>0x65a</value>
      </symbol>
      <symbol id="sm-30a">
         <name>UCB0I2COA3_H</name>
         <value>0x65b</value>
      </symbol>
      <symbol id="sm-30b">
         <name>UCB0ADDRX</name>
         <value>0x65c</value>
      </symbol>
      <symbol id="sm-30c">
         <name>UCB0ADDRX_L</name>
         <value>0x65c</value>
      </symbol>
      <symbol id="sm-30d">
         <name>UCB0ADDRX_H</name>
         <value>0x65d</value>
      </symbol>
      <symbol id="sm-30e">
         <name>UCB0ADDMASK</name>
         <value>0x65e</value>
      </symbol>
      <symbol id="sm-30f">
         <name>UCB0ADDMASK_L</name>
         <value>0x65e</value>
      </symbol>
      <symbol id="sm-310">
         <name>UCB0ADDMASK_H</name>
         <value>0x65f</value>
      </symbol>
      <symbol id="sm-311">
         <name>UCB0I2CSA</name>
         <value>0x660</value>
      </symbol>
      <symbol id="sm-312">
         <name>UCB0I2CSA_L</name>
         <value>0x660</value>
      </symbol>
      <symbol id="sm-313">
         <name>UCB0I2CSA_H</name>
         <value>0x661</value>
      </symbol>
      <symbol id="sm-314">
         <name>UCB0IE</name>
         <value>0x66a</value>
      </symbol>
      <symbol id="sm-315">
         <name>UCB0IE_L</name>
         <value>0x66a</value>
      </symbol>
      <symbol id="sm-316">
         <name>UCB0IE_H</name>
         <value>0x66b</value>
      </symbol>
      <symbol id="sm-317">
         <name>UCB0IFG</name>
         <value>0x66c</value>
      </symbol>
      <symbol id="sm-318">
         <name>UCB0IFG_L</name>
         <value>0x66c</value>
      </symbol>
      <symbol id="sm-319">
         <name>UCB0IFG_H</name>
         <value>0x66d</value>
      </symbol>
      <symbol id="sm-31a">
         <name>UCB0IV</name>
         <value>0x66e</value>
      </symbol>
      <symbol id="sm-31b">
         <name>WDTCTL</name>
         <value>0x15c</value>
      </symbol>
      <symbol id="sm-31c">
         <name>WDTCTL_L</name>
         <value>0x15c</value>
      </symbol>
      <symbol id="sm-31d">
         <name>WDTCTL_H</name>
         <value>0x15d</value>
      </symbol>
      <symbol id="sm-31e">
         <name>fram_rw_start</name>
         <value>0x4400</value>
      </symbol>
      <symbol id="sm-31f">
         <name>fram_ipe_start</name>
         <value>0x4400</value>
      </symbol>
      <symbol id="sm-320">
         <name>fram_ipe_end</name>
         <value>0x4400</value>
      </symbol>
      <symbol id="sm-321">
         <name>fram_rx_start</name>
         <value>0x4400</value>
      </symbol>
      <symbol id="sm-322">
         <name>__TI_CINIT_Base</name>
         <value>0x44f0</value>
      </symbol>
      <symbol id="sm-323">
         <name>__TI_CINIT_Limit</name>
         <value>0x4500</value>
      </symbol>
      <symbol id="sm-324">
         <name>__TI_Handler_Table_Base</name>
         <value>0x44d4</value>
      </symbol>
      <symbol id="sm-325">
         <name>__TI_Handler_Table_Limit</name>
         <value>0x44e0</value>
      </symbol>
      <symbol id="sm-326">
         <name>binit</name>
         <value>0xffffffff</value>
      </symbol>
      <symbol id="sm-327">
         <name>__binit__</name>
         <value>0xffffffff</value>
      </symbol>
      <symbol id="sm-328">
         <name>__STACK_SIZE</name>
         <value>0xa0</value>
      </symbol>
      <symbol id="sm-329">
         <name>__STACK_END</name>
         <value>0x2400</value>
      </symbol>
      <symbol id="sm-32a">
         <name>__c_args__</name>
         <value>0xffffffff</value>
      </symbol>
      <symbol id="sm-399">
         <name>main</name>
         <value>0x108ce</value>
         <object_component_ref idref="oc-137"/>
      </symbol>
      <symbol id="sm-40b">
         <name>CS_turnOnLFXT</name>
         <value>0x105f6</value>
         <object_component_ref idref="oc-239"/>
      </symbol>
      <symbol id="sm-40c">
         <name>CS_setDCOFreq</name>
         <value>0x108aa</value>
         <object_component_ref idref="oc-23f"/>
      </symbol>
      <symbol id="sm-40d">
         <name>CS_getACLK</name>
         <value>0x10702</value>
         <object_component_ref idref="oc-25b"/>
      </symbol>
      <symbol id="sm-40e">
         <name>CS_getMCLK</name>
         <value>0x10856</value>
         <object_component_ref idref="oc-24b"/>
      </symbol>
      <symbol id="sm-40f">
         <name>CS_setExternalClockSource</name>
         <value>0x10822</value>
         <object_component_ref idref="oc-233"/>
      </symbol>
      <symbol id="sm-410">
         <name>CS_getSMCLK</name>
         <value>0x10808</value>
         <object_component_ref idref="oc-254"/>
      </symbol>
      <symbol id="sm-411">
         <name>CS_initClockSignal</name>
         <value>0x10420</value>
         <object_component_ref idref="oc-245"/>
      </symbol>
      <symbol id="sm-470">
         <name>GPIO_clearInterrupt</name>
         <value>0x10720</value>
         <object_component_ref idref="oc-184"/>
      </symbol>
      <symbol id="sm-471">
         <name>GPIO_setOutputHighOnPin</name>
         <value>0x10798</value>
         <object_component_ref idref="oc-16a"/>
      </symbol>
      <symbol id="sm-472">
         <name>GPIO_selectInterruptEdge</name>
         <value>0x10664</value>
         <object_component_ref idref="oc-164"/>
      </symbol>
      <symbol id="sm-473">
         <name>GPIO_setAsInputPinWithPullDownResistor</name>
         <value>0x10530</value>
         <object_component_ref idref="oc-219"/>
      </symbol>
      <symbol id="sm-474">
         <name>GPIO_enableInterrupt</name>
         <value>0x1075c</value>
         <object_component_ref idref="oc-18a"/>
      </symbol>
      <symbol id="sm-475">
         <name>GPIO_setAsOutputPin</name>
         <value>0x10630</value>
         <object_component_ref idref="oc-22c"/>
      </symbol>
      <symbol id="sm-476">
         <name>GPIO_setOutputLowOnPin</name>
         <value>0x107b4</value>
         <object_component_ref idref="oc-190"/>
      </symbol>
      <symbol id="sm-477">
         <name>GPIO_setAsPeripheralModuleFunctionInputPin</name>
         <value>0x102da</value>
         <object_component_ref idref="oc-226"/>
      </symbol>
      <symbol id="sm-478">
         <name>GPIO_disableInterrupt</name>
         <value>0x1073e</value>
         <object_component_ref idref="oc-170"/>
      </symbol>
      <symbol id="sm-484">
         <name>PMM_unlockLPM5</name>
         <value>0x108dc</value>
         <object_component_ref idref="oc-21f"/>
      </symbol>
      <symbol id="sm-498">
         <name>SFR_enableInterrupt</name>
         <value>0x108e8</value>
         <object_component_ref idref="oc-26f"/>
      </symbol>
      <symbol id="sm-499">
         <name>SFR_clearInterrupt</name>
         <value>0x108e2</value>
         <object_component_ref idref="oc-269"/>
      </symbol>
      <symbol id="sm-4bb">
         <name>WDT_A_initIntervalTimer</name>
         <value>0x10882</value>
         <object_component_ref idref="oc-263"/>
      </symbol>
      <symbol id="sm-4bc">
         <name>WDT_A_hold</name>
         <value>0x106e2</value>
         <object_component_ref idref="oc-1ec"/>
      </symbol>
      <symbol id="sm-4bd">
         <name>WDT_A_start</name>
         <value>0x107ec</value>
         <object_component_ref idref="oc-176"/>
      </symbol>
      <symbol id="sm-4be">
         <name>WDT_A_resetTimer</name>
         <value>0x107d0</value>
         <object_component_ref idref="oc-17e"/>
      </symbol>
      <symbol id="sm-4cf">
         <name>__TI_int49</name>
         <value>0xfff2</value>
         <object_component_ref idref="oc-93"/>
      </symbol>
      <symbol id="sm-4d0">
         <name>watchDogIsr</name>
         <value>0x4450</value>
         <object_component_ref idref="oc-10a"/>
      </symbol>
      <symbol id="sm-4d1">
         <name>WDTConfiguration</name>
         <value>0x1077a</value>
         <object_component_ref idref="oc-204"/>
      </symbol>
      <symbol id="sm-4de">
         <name>MCLK</name>
         <value>0x1c04</value>
      </symbol>
      <symbol id="sm-4df">
         <name>SMCLK</name>
         <value>0x1c08</value>
      </symbol>
      <symbol id="sm-4e0">
         <name>ACLK</name>
         <value>0x1c00</value>
      </symbol>
      <symbol id="sm-4e1">
         <name>clockConfiguration</name>
         <value>0x10264</value>
         <object_component_ref idref="oc-1fe"/>
      </symbol>
      <symbol id="sm-4ea">
         <name>boardInitialisation</name>
         <value>0x1083c</value>
         <object_component_ref idref="oc-1b2"/>
      </symbol>
      <symbol id="sm-505">
         <name>__TI_int39</name>
         <value>0xffde</value>
         <object_component_ref idref="oc-89"/>
      </symbol>
      <symbol id="sm-506">
         <name>__TI_int33</name>
         <value>0xffd2</value>
         <object_component_ref idref="oc-83"/>
      </symbol>
      <symbol id="sm-507">
         <name>pinConfiguration</name>
         <value>0x104de</value>
         <object_component_ref idref="oc-1f8"/>
      </symbol>
      <symbol id="sm-508">
         <name>Port1_ISR</name>
         <value>0x44a6</value>
         <object_component_ref idref="oc-104"/>
      </symbol>
      <symbol id="sm-509">
         <name>Port3_ISR</name>
         <value>0x4400</value>
         <object_component_ref idref="oc-fe"/>
      </symbol>
      <symbol id="sm-512">
         <name>unusedPinsConfiguration</name>
         <value>0x105ba</value>
         <object_component_ref idref="oc-1f2"/>
      </symbol>
      <symbol id="sm-528">
         <name>__TI_decompress_none</name>
         <value>0x108bc</value>
         <object_component_ref idref="oc-74"/>
      </symbol>
      <symbol id="sm-54a">
         <name>__TI_decompress_rle24</name>
         <value>0x108ee</value>
         <object_component_ref idref="oc-7a"/>
      </symbol>
      <symbol id="sm-54d">
         <name>__TI_int30</name>
         <value>0xffcc</value>
         <object_component_ref idref="oc-80"/>
      </symbol>
      <symbol id="sm-555">
         <name>__TI_ISR_TRAP</name>
         <value>0x44b2</value>
         <object_component_ref idref="oc-f9"/>
      </symbol>
      <symbol id="sm-558">
         <name>__TI_int31</name>
         <value>0xffce</value>
         <object_component_ref idref="oc-81"/>
      </symbol>
      <symbol id="sm-55b">
         <name>__TI_int32</name>
         <value>0xffd0</value>
         <object_component_ref idref="oc-82"/>
      </symbol>
      <symbol id="sm-55e">
         <name>__TI_int34</name>
         <value>0xffd4</value>
         <object_component_ref idref="oc-84"/>
      </symbol>
      <symbol id="sm-561">
         <name>__TI_int35</name>
         <value>0xffd6</value>
         <object_component_ref idref="oc-85"/>
      </symbol>
      <symbol id="sm-564">
         <name>__TI_int36</name>
         <value>0xffd8</value>
         <object_component_ref idref="oc-86"/>
      </symbol>
      <symbol id="sm-567">
         <name>__TI_int37</name>
         <value>0xffda</value>
         <object_component_ref idref="oc-87"/>
      </symbol>
      <symbol id="sm-56a">
         <name>__TI_int38</name>
         <value>0xffdc</value>
         <object_component_ref idref="oc-88"/>
      </symbol>
      <symbol id="sm-56d">
         <name>__TI_int40</name>
         <value>0xffe0</value>
         <object_component_ref idref="oc-8a"/>
      </symbol>
      <symbol id="sm-570">
         <name>__TI_int41</name>
         <value>0xffe2</value>
         <object_component_ref idref="oc-8b"/>
      </symbol>
      <symbol id="sm-573">
         <name>__TI_int42</name>
         <value>0xffe4</value>
         <object_component_ref idref="oc-8c"/>
      </symbol>
      <symbol id="sm-576">
         <name>__TI_int43</name>
         <value>0xffe6</value>
         <object_component_ref idref="oc-8d"/>
      </symbol>
      <symbol id="sm-579">
         <name>__TI_int44</name>
         <value>0xffe8</value>
         <object_component_ref idref="oc-8e"/>
      </symbol>
      <symbol id="sm-57c">
         <name>__TI_int45</name>
         <value>0xffea</value>
         <object_component_ref idref="oc-8f"/>
      </symbol>
      <symbol id="sm-57f">
         <name>__TI_int46</name>
         <value>0xffec</value>
         <object_component_ref idref="oc-90"/>
      </symbol>
      <symbol id="sm-582">
         <name>__TI_int47</name>
         <value>0xffee</value>
         <object_component_ref idref="oc-91"/>
      </symbol>
      <symbol id="sm-585">
         <name>__TI_int48</name>
         <value>0xfff0</value>
         <object_component_ref idref="oc-92"/>
      </symbol>
      <symbol id="sm-588">
         <name>__TI_int50</name>
         <value>0xfff4</value>
         <object_component_ref idref="oc-94"/>
      </symbol>
      <symbol id="sm-58b">
         <name>__TI_int51</name>
         <value>0xfff6</value>
         <object_component_ref idref="oc-95"/>
      </symbol>
      <symbol id="sm-58e">
         <name>__TI_int52</name>
         <value>0xfff8</value>
         <object_component_ref idref="oc-96"/>
      </symbol>
      <symbol id="sm-591">
         <name>__TI_int53</name>
         <value>0xfffa</value>
         <object_component_ref idref="oc-97"/>
      </symbol>
      <symbol id="sm-594">
         <name>__TI_int54</name>
         <value>0xfffc</value>
         <object_component_ref idref="oc-98"/>
      </symbol>
      <symbol id="sm-5a7">
         <name>__TI_zero_init</name>
         <value>0x106be</value>
         <object_component_ref idref="oc-99"/>
      </symbol>
      <symbol id="sm-5b3">
         <name>__mspabi_remi</name>
         <value>0x10692</value>
         <object_component_ref idref="oc-2a3"/>
      </symbol>
      <symbol id="sm-5b4">
         <name>__mspabi_divi</name>
         <value>0x10692</value>
         <object_component_ref idref="oc-2a3"/>
      </symbol>
      <symbol id="sm-5c1">
         <name>__mspabi_remli</name>
         <value>0x1057a</value>
         <object_component_ref idref="oc-298"/>
      </symbol>
      <symbol id="sm-5c2">
         <name>__mspabi_divli</name>
         <value>0x1057a</value>
         <object_component_ref idref="oc-298"/>
      </symbol>
      <symbol id="sm-5cc">
         <name>__mspabi_remu</name>
         <value>0x1086c</value>
         <object_component_ref idref="oc-2ac"/>
      </symbol>
      <symbol id="sm-5cd">
         <name>__mspabi_divu</name>
         <value>0x1086c</value>
         <object_component_ref idref="oc-2ac"/>
      </symbol>
      <symbol id="sm-5dc">
         <name>__mspabi_remul</name>
         <value>0x10486</value>
         <object_component_ref idref="oc-293"/>
      </symbol>
      <symbol id="sm-5dd">
         <name>__mspabi_divul</name>
         <value>0x10486</value>
         <object_component_ref idref="oc-293"/>
      </symbol>
      <symbol id="sm-61c">
         <name>_stack</name>
         <value>0x2360</value>
         <object_component_ref idref="oc-db"/>
      </symbol>
      <symbol id="sm-61d">
         <name>_reset_vector</name>
         <value>0xfffe</value>
         <object_component_ref idref="oc-de"/>
      </symbol>
      <symbol id="sm-63b">
         <name>_auto_init_hold_wdt</name>
         <value>0x1034c</value>
         <object_component_ref idref="oc-11d"/>
      </symbol>
      <symbol id="sm-646">
         <name>_c_int00_noargs_noexit</name>
         <value>0x448c</value>
         <object_component_ref idref="oc-b7"/>
      </symbol>
      <symbol id="sm-650">
         <name>_system_pre_init</name>
         <value>0x108f4</value>
         <object_component_ref idref="oc-117"/>
      </symbol>
      <symbol id="sm-65b">
         <name>C$$EXIT</name>
         <value>0x108f8</value>
         <object_component_ref idref="oc-13f"/>
      </symbol>
      <symbol id="sm-65c">
         <name>abort</name>
         <value>0x108f8</value>
         <object_component_ref idref="oc-13f"/>
      </symbol>
      <symbol id="sm-671">
         <name>memcpy</name>
         <value>0x10896</value>
         <object_component_ref idref="oc-df"/>
      </symbol>
      <symbol id="sm-676">
         <name>__TI_INITARRAY_Base</name>
         <value>0x0</value>
      </symbol>
      <symbol id="sm-677">
         <name>__TI_INITARRAY_Limit</name>
         <value>0x0</value>
      </symbol>
   </symbol_table>
   <title>Link successful</title>
</link_info>
